// Jest Snapshot v1, https://goo.gl/fbAQLP

exports[`matches snapshot 1`] = `
<DocumentFragment>
  <div
    style="background-color: red; width: 150px; height: 150px;"
  >
    <p>
      red
    </p>
  </div>
  <button>
    X
  </button>
</DocumentFragment>
`;
