// Jest Snapshot v1, https://goo.gl/fbAQLP

exports[`matches snapshot 1`] = `
<DocumentFragment>
  <div>
    <h3>
      Color Box Maker
    </h3>
    <form>
      <label
        for="color"
      >
        Color
      </label>
      <input
        id="color"
        name="color"
        placeholder="color"
        type="text"
        value=""
      />
      <label
        for="width"
      >
        Width
      </label>
      <input
        id="width"
        name="width"
        placeholder="0"
        type="number"
        value=""
      />
      <label
        for="height"
      >
        Height
      </label>
      <input
        id="height"
        name="height"
        placeholder="0"
        type="number"
        value=""
      />
      <button>
        Add Box
      </button>
    </form>
    <div>
      <div
        style="background-color: red; width: 150px; height: 150px;"
      >
        <p>
          red
        </p>
      </div>
      <button>
        X
      </button>
      <div
        style="background-color: blue; width: 150px; height: 150px;"
      >
        <p>
          blue
        </p>
      </div>
      <button>
        X
      </button>
    </div>
  </div>
</DocumentFragment>
`;
